0.56
0.72
0.71
0.63
0.56
